Microsoft Windows [Version 10.0.19045.5247]
(c) Microsoft Corporation. All rights reserved.

C:\Users\user1> mtsql -u root -p
'mtsql'은(는) 내부 또는 외부 명령, 실행할 수 있는 프로그램, 또는
배치 파일이 아닙니다.

C:\Users\user1>mysql -u root -p
Enter password: *******
Welcome to the MySQL monitor.  Commands end with ; or \g.
Your MySQL connection id is 24
Server version: 8.0.40 MySQL Community Server - GPL

Copyright (c) 2000, 2024, Oracle and/or its affiliates.

Oracle is a registered trademark of Oracle Corporation and/or its
affiliates. Other names may be trademarks of their respective
owners.

Type 'help;' or '\h' for help. Type '\c' to clear the current input statement.

mysql> KHTSHOPPING
    -> ;
ERROR 1064 (42000): You have an error in your SQL syntax; check the manual that corresponds to your MySQL server version for the right syntax to use near 'KHTSHOPPING' at line 1
mysql> CREATE KHTSHOPPING;
ERROR 1064 (42000): You have an error in your SQL syntax; check the manual that corresponds to your MySQL server version for the right syntax to use near 'KHTSHOPPING' at line 1
mysql> CREATE DATABASE KHTSHOPPING;
Query OK, 1 row affected (0.01 sec)

mysql> CREATE DATABASE KHTUSER
    -> ;
Query OK, 1 row affected (0.01 sec)

mysql> CREATE DATABASE KHTCAFE
    -> ;
Query OK, 1 row affected (0.00 sec)

mysql> CREATE USER 'SHKIMES'@'%' identified by 'michell8812';
Query OK, 0 rows affected (0.01 sec)

mysql> grant all privileges on *.* to 'SHKIMES'@'%';
Query OK, 0 rows affected (0.01 sec)

mysql> grant all privileges on KHTSHOPPING.* to 'SHKIMES'@'%';
Query OK, 0 rows affected (0.01 sec)

mysql> grant all privileges on KHTUSER.* to 'SHKIMES'@'%';
Query OK, 0 rows affected (0.00 sec)

mysql> grant all privileges on KHTCAFE.* to 'SHKIMES'@'%';
Query OK, 0 rows affected (0.00 sec)

mysql> FLUSH PRIVILEGES;
Query OK, 0 rows affected (0.01 sec)

mysql> EXIT.